I'm sorry, but errors were detected in your script. Please correct the
errors listed below, and try again.


File "game/script.rpy", line 3: expected statement.
    from turtle import width
                            ^

Ren'Py Version: Ren'Py 8.0.2.22081402
Sun Aug 21 18:14:15 2022
